[36mvite v5.4.21 [32mbuilding for production...[36m[39m
transforming...
node_modules/@vueuse/core/dist/index.js (3362:0): A comment

"/* #__PURE__ */"

in "node_modules/@vueuse/core/dist/index.js" contains an annotation that Rollup cannot interpret due to the position of the comment. The comment will be removed to avoid issues.
node_modules/@vueuse/core/dist/index.js (5780:22): A comment

"/* #__PURE__ */"

in "node_modules/@vueuse/core/dist/index.js" contains an annotation that Rollup cannot interpret due to the position of the comment. The comment will be removed to avoid issues.
[32m✓[39m 2648 modules transformed.
rendering chunks...
computing gzip size...
[2mdist/[22m[32mindex.html                                    [39m[1m[2m    0.46 kB[22m[1m[22m[2m │ gzip:   0.34 kB[22m
[2mdist/[22m[35massets/ReportView-BOHYi-LM.css                [39m[1m[2m    0.21 kB[22m[1m[22m[2m │ gzip:   0.16 kB[22m
[2mdist/[22m[35massets/ThreatIntelConfigView-DIQoXdKy.css     [39m[1m[2m    0.36 kB[22m[1m[22m[2m │ gzip:   0.24 kB[22m
[2mdist/[22m[35massets/AuditLogView-kVNX8fBG.css              [39m[1m[2m    0.55 kB[22m[1m[22m[2m │ gzip:   0.28 kB[22m
[2mdist/[22m[35massets/UserManagement-DjbxR5BS.css            [39m[1m[2m    0.70 kB[22m[1m[22m[2m │ gzip:   0.34 kB[22m
[2mdist/[22m[35massets/KnowledgeDetailView-BmtIuB0z.css       [39m[1m[2m    0.74 kB[22m[1m[22m[2m │ gzip:   0.34 kB[22m
[2mdist/[22m[35massets/IocsView-Dcm1X8S-.css                  [39m[1m[2m    0.78 kB[22m[1m[22m[2m │ gzip:   0.36 kB[22m
[2mdist/[22m[35massets/KnowledgeView-R6KuXhhn.css             [39m[1m[2m    0.84 kB[22m[1m[22m[2m │ gzip:   0.40 kB[22m
[2mdist/[22m[35massets/WebShellPanel-DCKpy1Tk.css             [39m[1m[2m    0.87 kB[22m[1m[22m[2m │ gzip:   0.41 kB[22m
[2mdist/[22m[35massets/DataStorageView-DRUmvkmM.css           [39m[1m[2m    0.97 kB[22m[1m[22m[2m │ gzip:   0.42 kB[22m
[2mdist/[22m[35massets/SettingsLayout-C6NhemAt.css            [39m[1m[2m    0.97 kB[22m[1m[22m[2m │ gzip:   0.44 kB[22m
[2mdist/[22m[35massets/SystemParamsView-DGneWzY2.css          [39m[1m[2m    1.03 kB[22m[1m[22m[2m │ gzip:   0.45 kB[22m
[2mdist/[22m[35massets/MemoryShellPanel-BWYujnrd.css          [39m[1m[2m    1.05 kB[22m[1m[22m[2m │ gzip:   0.44 kB[22m
[2mdist/[22m[35massets/AgentManagement-C9TN3CwA.css           [39m[1m[2m    1.11 kB[22m[1m[22m[2m │ gzip:   0.46 kB[22m
[2mdist/[22m[35massets/AgentDownloadDialog-EbIjpizb.css       [39m[1m[2m    1.45 kB[22m[1m[22m[2m │ gzip:   0.68 kB[22m
[2mdist/[22m[35massets/ThemeCustomizeView-Ds8ulRR2.css        [39m[1m[2m    2.66 kB[22m[1m[22m[2m │ gzip:   0.81 kB[22m
[2mdist/[22m[35massets/LoginView-COI7HLNx.css                 [39m[1m[2m    3.87 kB[22m[1m[22m[2m │ gzip:   1.05 kB[22m
[2mdist/[22m[35massets/AppLayout-E8s0qJ3h.css                 [39m[1m[2m    4.25 kB[22m[1m[22m[2m │ gzip:   1.10 kB[22m
[2mdist/[22m[35massets/CaseDetailView-Bxrvqfzq.css            [39m[1m[2m    4.29 kB[22m[1m[22m[2m │ gzip:   1.06 kB[22m
[2mdist/[22m[35massets/LogAnalysisView-DBp5YbX-.css           [39m[1m[2m    4.77 kB[22m[1m[22m[2m │ gzip:   1.12 kB[22m
[2mdist/[22m[35massets/ProcessTreeView-DmKM20hi.css           [39m[1m[2m    5.43 kB[22m[1m[22m[2m │ gzip:   1.55 kB[22m
[2mdist/[22m[35massets/AgentRunView-CTUG-FeK.css              [39m[1m[2m    5.94 kB[22m[1m[22m[2m │ gzip:   1.35 kB[22m
[2mdist/[22m[35massets/EventDetailView-PT38Vnyv.css           [39m[1m[2m    6.27 kB[22m[1m[22m[2m │ gzip:   1.40 kB[22m
[2mdist/[22m[35massets/DashboardView-CL4T19dB.css             [39m[1m[2m    6.38 kB[22m[1m[22m[2m │ gzip:   1.33 kB[22m
[2mdist/[22m[35massets/UnifiedAlertCenter-DO3Ds0PF.css        [39m[1m[2m    6.74 kB[22m[1m[22m[2m │ gzip:   1.41 kB[22m
[2mdist/[22m[35massets/AiView-DS_0YanY.css                    [39m[1m[2m    8.10 kB[22m[1m[22m[2m │ gzip:   1.63 kB[22m
[2mdist/[22m[35massets/PolicyConfigView-lbfBWhUa.css          [39m[1m[2m   11.63 kB[22m[1m[22m[2m │ gzip:   2.36 kB[22m
[2mdist/[22m[35massets/CaseListView-iNtTkAOo.css              [39m[1m[2m   11.82 kB[22m[1m[22m[2m │ gzip:   2.40 kB[22m
[2mdist/[22m[35massets/WhitelistView-PPoPLRPG.css             [39m[1m[2m   13.54 kB[22m[1m[22m[2m │ gzip:   2.55 kB[22m
[2mdist/[22m[35massets/RulesView-C-kINonS.css                 [39m[1m[2m   14.93 kB[22m[1m[22m[2m │ gzip:   2.82 kB[22m
[2mdist/[22m[35massets/ReportOutputView-DVbBd0D8.css          [39m[1m[2m   18.68 kB[22m[1m[22m[2m │ gzip:   3.05 kB[22m
[2mdist/[22m[35massets/LogSearchView-YFHlybXW.css             [39m[1m[2m   22.04 kB[22m[1m[22m[2m │ gzip:   3.87 kB[22m
[2mdist/[22m[35massets/AiAdvancedView-CHGMLRJx.css            [39m[1m[2m   32.00 kB[22m[1m[22m[2m │ gzip:   5.23 kB[22m
[2mdist/[22m[35massets/AnalysisCenterView-D52YEeQE.css        [39m[1m[2m   37.99 kB[22m[1m[22m[2m │ gzip:   5.67 kB[22m
[2mdist/[22m[35massets/HostDetailView-B_s-sFcz.css            [39m[1m[2m   43.77 kB[22m[1m[22m[2m │ gzip:   7.91 kB[22m
[2mdist/[22m[35massets/index-DxWuB6DR.css                     [39m[1m[2m  365.92 kB[22m[1m[22m[2m │ gzip:  50.05 kB[22m
[2mdist/[22m[36massets/_plugin-vue_export-helper-DlAUqK2U.js  [39m[1m[2m    0.09 kB[22m[1m[22m[2m │ gzip:   0.10 kB[22m
[2mdist/[22m[36massets/settings-CIhDmxk1.js                   [39m[1m[2m    0.19 kB[22m[1m[22m[2m │ gzip:   0.15 kB[22m
[2mdist/[22m[36massets/cases-PEwZN1VJ.js                      [39m[1m[2m    0.46 kB[22m[1m[22m[2m │ gzip:   0.25 kB[22m
[2mdist/[22m[36massets/knowledge-DLhztz47.js                  [39m[1m[2m    0.74 kB[22m[1m[22m[2m │ gzip:   0.31 kB[22m
[2mdist/[22m[36massets/iocs-DCR5ks4-.js                       [39m[1m[2m    0.84 kB[22m[1m[22m[2m │ gzip:   0.32 kB[22m
[2mdist/[22m[36massets/SettingsLayout-C0k_k7V4.js             [39m[1m[2m    1.09 kB[22m[1m[22m[2m │ gzip:   0.70 kB[22m
[2mdist/[22m[36massets/logs-738s8Fqr.js                       [39m[1m[2m    1.28 kB[22m[1m[22m[2m │ gzip:   0.48 kB[22m
[2mdist/[22m[36massets/ReportView-BQKPu_-s.js                 [39m[1m[2m    1.56 kB[22m[1m[22m[2m │ gzip:   0.91 kB[22m
[2mdist/[22m[36massets/events-gPZ-sMSI.js                     [39m[1m[2m    1.92 kB[22m[1m[22m[2m │ gzip:   0.60 kB[22m
[2mdist/[22m[36massets/AgentManagement-DOqGRu9J.js            [39m[1m[2m    2.77 kB[22m[1m[22m[2m │ gzip:   1.46 kB[22m
[2mdist/[22m[36massets/ai-Bmmz2yD2.js                         [39m[1m[2m    3.04 kB[22m[1m[22m[2m │ gzip:   1.46 kB[22m
[2mdist/[22m[36massets/ThemeCustomizeView-BkY-MSBE.js         [39m[1m[2m    3.57 kB[22m[1m[22m[2m │ gzip:   1.48 kB[22m
[2mdist/[22m[36massets/DataStorageView-CXu4o7un.js            [39m[1m[2m    3.98 kB[22m[1m[22m[2m │ gzip:   1.91 kB[22m
[2mdist/[22m[36massets/KnowledgeDetailView-BEnz7yhk.js        [39m[1m[2m    4.44 kB[22m[1m[22m[2m │ gzip:   2.14 kB[22m
[2mdist/[22m[36massets/AppLayout-D0I155nJ.js                  [39m[1m[2m    4.57 kB[22m[1m[22m[2m │ gzip:   2.13 kB[22m
[2mdist/[22m[36massets/AuditLogView-Cw-ykkC6.js               [39m[1m[2m    4.78 kB[22m[1m[22m[2m │ gzip:   2.41 kB[22m
[2mdist/[22m[36massets/LoginView-B0ulNqYI.js                  [39m[1m[2m    5.05 kB[22m[1m[22m[2m │ gzip:   2.09 kB[22m
[2mdist/[22m[36massets/MemoryShellPanel-CydP2TGw.js           [39m[1m[2m    5.18 kB[22m[1m[22m[2m │ gzip:   2.26 kB[22m
[2mdist/[22m[36massets/WebShellPanel-Bwv8W1f6.js              [39m[1m[2m    5.64 kB[22m[1m[22m[2m │ gzip:   2.39 kB[22m
[2mdist/[22m[36massets/SystemParamsView-C2axuQEH.js           [39m[1m[2m    6.00 kB[22m[1m[22m[2m │ gzip:   3.00 kB[22m
[2mdist/[22m[36massets/ThreatIntelConfigView-Buw7hmzR.js      [39m[1m[2m    7.66 kB[22m[1m[22m[2m │ gzip:   2.87 kB[22m
[2mdist/[22m[36massets/UserManagement-DPL2fCwG.js             [39m[1m[2m    7.73 kB[22m[1m[22m[2m │ gzip:   2.99 kB[22m
[2mdist/[22m[36massets/EventDetailView-Dlf38u8L.js            [39m[1m[2m    9.07 kB[22m[1m[22m[2m │ gzip:   3.58 kB[22m
[2mdist/[22m[36massets/index-ZiNan9f5.js                      [39m[1m[2m    9.55 kB[22m[1m[22m[2m │ gzip:   4.44 kB[22m
[2mdist/[22m[36massets/DashboardView-DhZGS-0j.js              [39m[1m[2m   10.13 kB[22m[1m[22m[2m │ gzip:   4.10 kB[22m
[2mdist/[22m[36massets/ProcessTreeView-DiKb7EGP.js            [39m[1m[2m   11.34 kB[22m[1m[22m[2m │ gzip:   4.67 kB[22m
[2mdist/[22m[36massets/CaseDetailView-D9wfUe27.js             [39m[1m[2m   12.14 kB[22m[1m[22m[2m │ gzip:   4.54 kB[22m
[2mdist/[22m[36massets/IocsView-DlbJRR-6.js                   [39m[1m[2m   12.70 kB[22m[1m[22m[2m │ gzip:   4.41 kB[22m
[2mdist/[22m[36massets/KnowledgeView-DNJoBxy1.js              [39m[1m[2m   13.62 kB[22m[1m[22m[2m │ gzip:   4.41 kB[22m
[2mdist/[22m[36massets/AgentRunView-C5l-XzpI.js               [39m[1m[2m   13.71 kB[22m[1m[22m[2m │ gzip:   5.21 kB[22m
[2mdist/[22m[36massets/WhitelistView-DYjG4Z0M.js              [39m[1m[2m   13.81 kB[22m[1m[22m[2m │ gzip:   4.62 kB[22m
[2mdist/[22m[36massets/CaseListView-Y5sd7iTe.js               [39m[1m[2m   14.48 kB[22m[1m[22m[2m │ gzip:   5.09 kB[22m
[2mdist/[22m[36massets/PolicyConfigView-CKydtn0J.js           [39m[1m[2m   15.19 kB[22m[1m[22m[2m │ gzip:   5.49 kB[22m
[2mdist/[22m[36massets/UnifiedAlertCenter-Bofc6V01.js         [39m[1m[2m   17.06 kB[22m[1m[22m[2m │ gzip:   6.24 kB[22m
[2mdist/[22m[36massets/LogAnalysisView-CANFUUUc.js            [39m[1m[2m   18.22 kB[22m[1m[22m[2m │ gzip:   6.76 kB[22m
[2mdist/[22m[36massets/RulesView-Bvqqg2vc.js                  [39m[1m[2m   19.11 kB[22m[1m[22m[2m │ gzip:   6.16 kB[22m
[2mdist/[22m[36massets/LogSearchView-D9FUwofV.js              [39m[1m[2m   28.65 kB[22m[1m[22m[2m │ gzip:  10.10 kB[22m
[2mdist/[22m[36massets/AiView-DM4lQT6_.js                     [39m[1m[2m   29.17 kB[22m[1m[22m[2m │ gzip:   9.31 kB[22m
[2mdist/[22m[36massets/ReportOutputView-D9frTOTe.js           [39m[1m[2m   37.87 kB[22m[1m[22m[2m │ gzip:  11.81 kB[22m
[2mdist/[22m[36massets/AnalysisCenterView-BcY1Lkha.js         [39m[1m[2m   52.69 kB[22m[1m[22m[2m │ gzip:  16.66 kB[22m
[2mdist/[22m[36massets/AiAdvancedView-B75ka9Ja.js             [39m[1m[2m   67.50 kB[22m[1m[22m[2m │ gzip:  24.50 kB[22m
[2mdist/[22m[36massets/HostDetailView-Ic7PSsu1.js             [39m[1m[2m  197.95 kB[22m[1m[22m[2m │ gzip:  61.66 kB[22m
[2mdist/[22m[36massets/AgentDownloadDialog-dtBImUhU.js        [39m[1m[33m  979.82 kB[39m[22m[2m │ gzip: 324.65 kB[22m
[2mdist/[22m[36massets/index-BgtEc3mp.js                      [39m[1m[33m1,035.00 kB[39m[22m[2m │ gzip: 343.46 kB[22m
[2mdist/[22m[36massets/index-D1n7mvvG.js                      [39m[1m[33m1,249.05 kB[39m[22m[2m │ gzip: 405.02 kB[22m
[33m
(!) Some chunks are larger than 500 kB after minification. Consider:
- Using dynamic import() to code-split the application
- Use build.rollupOptions.output.manualChunks to improve chunking: https://rollupjs.org/configuration-options/#output-manualchunks
- Adjust chunk size limit for this warning via build.chunkSizeWarningLimit.[39m
[32m✓ built in 52.55s[39m
