============================= test session starts =============================
platform win32 -- Python 3.13.12, pytest-9.1.1, pluggy-1.6.0 -- C:\Users\xyz\WorkBuddy\2026-07-06-17-00-58\backend\venv\Scripts\python.exe
cachedir: .pytest_cache
rootdir: C:\Users\xyz\WorkBuddy\2026-07-06-17-00-58\backend
plugins: anyio-4.14.1
collecting ... collected 20 items

tests/test_lookup_event.py::TestLookupEvent::test_cm_colon_format_match PASSED [  5%]
tests/test_lookup_event.py::TestLookupEvent::test_event_key_match PASSED [ 10%]
tests/test_lookup_event.py::TestLookupEvent::test_exact_id_match PASSED  [ 15%]
tests/test_lookup_event.py::TestLookupEvent::test_fuzzy_prefix_fallback PASSED [ 20%]
tests/test_lookup_event.py::TestLookupEvent::test_lookup_with_join_hosts PASSED [ 25%]
tests/test_lookup_event.py::TestLookupEvent::test_missing_cm_colon_with_number_colon PASSED [ 30%]
tests/test_lookup_event.py::TestLookupEvent::test_missing_number_colon_with_cm PASSED [ 35%]
tests/test_lookup_event.py::TestLookupEvent::test_no_cm_prefix_no_colon PASSED [ 40%]
tests/test_lookup_event.py::TestLookupEvent::test_no_cm_prefix_with_colon PASSED [ 45%]
tests/test_lookup_event.py::TestLookupEvent::test_no_colons_with_cm 